BEGIN;8172842425;Pharmos, a.s.;VWR;ORDERS;2018-08-22;102511;
HEAD;8172842425;2018-08-22;;CZK;
SOLDTO;26002042;Pharmos, a.s.
SHIPTO;26005965;Pharmos, a.s. Brandýsek;;;;;Slánská 79;;;;;Brandýsek;273 41;CZ;marie.baladova@pharmos.cz;312 777 057
LINE;000001;VTRB632417012150;VTRB632417012150;Kádinka vysoká  150ml          153;3.000;;2018-08-22;23.00;69.00
LINE;000002;GAMA204811;GAMA204811;Láhev na moč mužská z PH  modré víčko 1l  VITRUM;120.000;;2018-08-22;30.30;3636.00
LINE;000003;JIZE211A/1/0;JIZE211A/1/0;Miska třecí drsná pr. 8,1 cm 211a/1/0 ;4.000;;2018-08-22;90.10;360.40
LINE;000004;TNOS632524325025;TNOS632524325025;Střička UH 250 ml + uzávěr (skleň.kolínko);6.000;;2018-08-22;29.60;177.60
LINE;000005;JIZE213A/1;JIZE213A/1;Tlouček drsný 213a/1      115mm;8.000;;2018-08-22;43.20;345.60
LINE;000006;JIZE213A/2;JIZE213A/2;Tlouček drsný 213a/2     135mm;6.000;;2018-08-22;49.70;298.20
END;8172842425
